aids-a
akademika-cirilicara
ako-onda
alpe-jadran
analno-infantilnoj
antic-sasa
austro-ugarskoj
bajevic-maric-vladic
banana-drzava
bata-zivotinja
beograd-zagreb
bezbrizno-ladanjskoj
b-h
bianco-iskaznica
bih-a
bih-krize
birokratsko-profesionalnog
bmv-u
bmw-ima
bosansko-brodska
bosansko-hercego
bosansko-hercegovackih
bosansko-hercegovackim
bosansko-hercegovackog
bosansko-muslimanskoj
bosnjacko-muslimanskim
bosnjacko-muslimanskoj
bosnjacko-muslimansku
bracno-pjevacku
bratstvo-jedinstvo
bujavicama-kod
busovaca-vitez
butter-stranka
cdu-a
cdu/csu
cdu-fdp
cedo-cudo
cetinic-petris
c.g
ching-ching-ching
cia-u
cnn-showu
c/o
crno-bijele
crno-bijelih
croatia-video
cro-nacizma
dabcevic-kucar
dalmacija-cementa
dalmacija-dugi
dan-danas
dc-a
dc-u
dedijera-srbina
deira-p-sistem
desetak-petanaest
deset-petnajst
dnevno-politicke
dnevno-politickih
dragovoljac-ustasa
drugova/prijatelja
drustveno-ekonomskog
drustveno-satirickim
drustvo-su
dva-tri
dvojicu-trojicu
eks-jugoslavenskim
epi-lady
e-postu
e.t
eticko-teritorijalnom
ex-jugoslavije
ex-jugoslaviji
fasisticko-rasisticko-ustaske
fdp-a
fesb-a
fiks-ideja
fiks-ideje
foto-aparata
francusko-njemackog
gaya-scienza
general-bojnik
gkh-regionalna
glumac-partizan
glumac-socijalista
gori-os
grada/heroja
grad/heroj
grad-split
hds-a
hdz-a
hdz-ganga
hdz-om
hdz-ovci
hdz-ove
hdz-ovom
hdz-u
herceg-bosna
herceg-bosne
herceg-bosni
herceg-bosnom
herceg-bosnu
hfd-a
hls-a
horizons-a
hos-a
hpt-tkc
hrt-u
hrvati/hrvatice
hrvato-srbije
hrvatsko-bosanska
hrvatsko-hercegovackih
hrvatsko-hrvaskih
hrvatsko-muslimanski
hrvatsko-muslimanskim
hrvatsko-muslimanskog
hrvatsko-srpskih
hsls-a
hsp-a
hss-a
htv-a
hv-a
hvidr-e
hvo-a
hvo-u
idejno-politicka
ideologijsko-navijackom
ids-a
ids-u
i-iii
imovinsko-pravni
ina-vinil
i-neki
ino-partnera
ino-ulagac
izolacionizam?
izraelsko-sovjetsko-americki
jazz-dance
jean-marie
judeo-masonska
jugo-putovnicu
jugo-vremenima
jutel-u
kad-tad
kakav-takav
kakvu-takvu
kastel-sucurac
kastel-sucurcu
kemijsko-tehnoloski
kemikalija-velekem
kic-u
kilovat-sati
k/o
kontakt-emisiju
kos-a
kutjevacko-grasevinska
lafayette-u
liberalno-demokratska
licko-senjske
lik-zvijezda
limana-bosnjaka
logora-sume
lokva-rogoznica
losem/sve
ljevicarsko-gerilski
mandarina-drzava
manje-vise
mas-pokreta
materijalno-socijalnom
message-id
mini-imperije
mioc-u
mladica-hrvata
moralno-politicke
mos-a
mostarsko-duvanjska
mostarsko-duvanjske
mostarsko-duvanjski
moze-kako
mup-a
mup-ovu
muslimana-bosnjaka
muslimansko-hrvatska
muslimansko-hrvatskog
mvp-u
nadalje-zakljucivati
narukvica-pederica
nato-a
nato-saveza
nato-summit
nato-summita
nato-summitu
nato-u
nato-ve
nazalno-paranoicnih
ne-jos-sasvim
nemacko-ekspanzionisticka
nevic-polju
ne-vise
nin-u
nob-a
novi-travnik-nova
oficirsko-necasnickih
op.a
organizacijsko-tehnicki
osjecaja,takodasadaioni,kojimajebilo
osjecko-baranjske
osjecko-baranjskom
otv-u
owen-stoltenbergov
paketic-bombonicu-bombu
pantovcak-east
park-suma
patriota-statisticara
pen-a
pen-u
phare-program
ph.d
pikado-novinarstvom
planetarno-diverzantsku
pmf-a
poklon-paket
politicko-gospodarski
politicko-povijesna
politicko-teroristicka
politicko-vojnu
pop-ikona
porte-parole
post-komunizmu
povijesno-ekonomska
povijesno-politickom
prava-ipak
pravno-politicke
pravno-politickoga
press-centar
press-centra
press-centru
prestrasili/razveselili
prigodno-festivalskom
prirodoslovno-matematickom
pseudo-historiografiji
ps:ima
ps:na
ps:nasa
pup-a
radio-relejnom
radio-televizija
radio-televiziji
radio-zida
raycung-party
rijeka-beograd
rimo-katolici
rusko-hrvatski
sad-a
saint-loupu
sarajeva/vrhbosne
sdk-a
sdp-a
sdp-u
sdu-a
seks-simbola
show-businessa
sigurnosno-infor
sis-ovci
sjeverno-atlantskog
skare-ozbolt
skh-sdp-a
sko-srpska
smedje-crvene
soboslikarsko-licilackoj
sok-sobama
soping-putovanja
splitsko-makarskoj
sps-a
srbijansko-crnogorske
srpsko-crnogorske
srpsko-hrvatska
srpsko-hrvatskim
srpsko-hrvatskog
srpsko-hrvatskoj
srpsko-hrvatskom
sssr-a
stambeno-komunalnu
stani-pani
stveno-istrazivacki
st-zvijezda
subnor-a
su,odmah
su-priznajmo
sverc-kamione
svjetsko-srpsku
szup-u
takodjer-jos
termoplastika-split
toyotu-corollu
trebinjsko-mrkanjske
tri-cetiri
tri-pet
tudjman-milosevic
tudjman-pavelic
tv-ekrana
tv-izvjestaju
uhddr-a
un-a
uncivpol-a
unhcr-a
unicef-a
unov-a
unpa-podrucjima
unpa-zonama
unprofor-a
unprofor-om
unprofor-u
un-sektor
usc-u
vance-owenov
v.g
video-clip
vikend-putovanja
woerneru,gl
zagrebacko-ijubljanski
zapadno-evropski
zasluge-drzavnih
znanstveno-fantasticnih
znanstveno-strucnih
znanstveno-strukovnih
zng-a
zoricic-nuic
zoric-vidmarovic
11111111
1234554321
00000000
22222222
33333333
44444444
55555555
66666666
77777777
88888888
99999999
00000000
987654321
9876543210
87654321
876543210
76543210
